Component: ARM Compiler 5.06 update 7 (build 960) Tool: armlink [4d3601]

==============================================================================

Section Cross References

    main.o(i.USART3_IRQHandler) refers to main.o(.data) for USART3
    main.o(i.USART3_IRQHandler) refers to main.o(.bss) for receivedBluetoothPacket
    main.o(i.jumpFunction) refers to uart_config.o(i.UARTDebugSend) for UARTDebugSend
    main.o(i.jumpFunction) refers to main.o(.data) for JumpToApplicationCode
    main.o(i.main) refers to _printf_percent.o(.ARM.Collect$$_printf_percent$$00000000) for _printf_percent
    main.o(i.main) refers to _printf_d.o(.ARM.Collect$$_printf_percent$$00000009) for _printf_d
    main.o(i.main) refers to _printf_dec.o(.text) for _printf_int_dec
    main.o(i.main) refers to _printf_x.o(.ARM.Collect$$_printf_percent$$0000000C) for _printf_x
    main.o(i.main) refers to _printf_hex_int.o(.text) for _printf_longlong_hex
    main.o(i.main) refers to systick_timer_config.o(i.InitSysTickTimerInMiliseconds) for InitSysTickTimerInMiliseconds
    main.o(i.main) refers to gpio_config.o(i.InitUserLED) for InitUserLED
    main.o(i.main) refers to uart_config.o(i.InitUARTforDebug) for InitUARTforDebug
    main.o(i.main) refers to uart_config.o(i.InitUARTforBluetooth) for InitUARTforBluetooth
    main.o(i.main) refers to main.o(i.welcomeMessage) for welcomeMessage
    main.o(i.main) refers to flash_config.o(i.program_Memory_Page_Erase) for program_Memory_Page_Erase
    main.o(i.main) refers to uart_config.o(i.UARTDebugSend) for UARTDebugSend
    main.o(i.main) refers to gpio_config.o(i.OnUserLED) for OnUserLED
    main.o(i.main) refers to noretval__2sprintf.o(.text) for __2sprintf
    main.o(i.main) refers to flash_config.o(i.program_Memory_Fast_Word_Write) for program_Memory_Fast_Word_Write
    main.o(i.main) refers to gpio_config.o(i.OffUserLED) for OffUserLED
    main.o(i.main) refers to main.o(i.jumpFunction) for jumpFunction
    main.o(i.main) refers to main.o(.data) for USART3
    main.o(i.main) refers to main.o(.bss) for msg
    main.o(i.welcomeMessage) refers to _printf_percent.o(.ARM.Collect$$_printf_percent$$00000000) for _printf_percent
    main.o(i.welcomeMessage) refers to _printf_d.o(.ARM.Collect$$_printf_percent$$00000009) for _printf_d
    main.o(i.welcomeMessage) refers to _printf_dec.o(.text) for _printf_int_dec
    main.o(i.welcomeMessage) refers to _printf_x.o(.ARM.Collect$$_printf_percent$$0000000C) for _printf_x
    main.o(i.welcomeMessage) refers to _printf_hex_int.o(.text) for _printf_longlong_hex
    main.o(i.welcomeMessage) refers to uart_config.o(i.UARTDebugSend) for UARTDebugSend
    main.o(i.welcomeMessage) refers to noretval__2sprintf.o(.text) for __2sprintf
    main.o(i.welcomeMessage) refers to main.o(.data) for debugWelcomeMessage
    main.o(i.welcomeMessage) refers to main.o(.bss) for msg
    flash_config.o(i.program_Memory_Fast_Word_Write) refers to flash_config.o(i.unlocking_Program_Memory) for unlocking_Program_Memory
    flash_config.o(i.program_Memory_Fast_Word_Write) refers to flash_config.o(.data) for FLASH
    flash_config.o(i.program_Memory_Page_Erase) refers to flash_config.o(i.unlocking_Program_Memory) for unlocking_Program_Memory
    flash_config.o(i.program_Memory_Page_Erase) refers to flash_config.o(.data) for FLASH
    flash_config.o(i.unlocking_Flash_PECR_Register) refers to flash_config.o(.data) for FLASH
    flash_config.o(i.unlocking_Option_Byte_Block) refers to flash_config.o(i.unlocking_Flash_PECR_Register) for unlocking_Flash_PECR_Register
    flash_config.o(i.unlocking_Option_Byte_Block) refers to flash_config.o(.data) for FLASH
    flash_config.o(i.unlocking_Program_Memory) refers to flash_config.o(i.unlocking_Flash_PECR_Register) for unlocking_Flash_PECR_Register
    flash_config.o(i.unlocking_Program_Memory) refers to flash_config.o(.data) for FLASH
    gpio_config.o(i.InitUserLED) refers to gpio_config.o(.data) for RCC
    gpio_config.o(i.OffUserLED) refers to gpio_config.o(.data) for GPIOA
    gpio_config.o(i.OnUserLED) refers to gpio_config.o(.data) for GPIOA
    systick_timer_config.o(i.InitSysTickTimerInMiliseconds) refers to systick_timer_config.o(.data) for sysTickCSR
    systick_timer_config.o(i.SysTick_Handler) refers to systick_timer_config.o(.data) for sysTickCount
    systick_timer_config.o(i.delayMS) refers to systick_timer_config.o(.data) for sysTickCSR
    uart_config.o(i.InitUARTforBluetooth) refers to uart_config.o(.data) for RCC
    uart_config.o(i.InitUARTforDebug) refers to uart_config.o(.data) for RCC
    uart_config.o(i.UARTBluetoothSend) refers to uart_config.o(.data) for USART3
    uart_config.o(i.UARTDebugSend) refers to uart_config.o(.data) for USART2
    uart_config.o(i.USART2_IRQHandler) refers to _printf_percent.o(.ARM.Collect$$_printf_percent$$00000000) for _printf_percent
    uart_config.o(i.USART2_IRQHandler) refers to _printf_s.o(.ARM.Collect$$_printf_percent$$00000014) for _printf_s
    uart_config.o(i.USART2_IRQHandler) refers to _printf_str.o(.text) for _printf_str
    uart_config.o(i.USART2_IRQHandler) refers to noretval__2sprintf.o(.text) for __2sprintf
    uart_config.o(i.USART2_IRQHandler) refers to uart_config.o(i.UARTDebugSend) for UARTDebugSend
    uart_config.o(i.USART2_IRQHandler) refers to uart_config.o(.data) for USART2
    uart_config.o(i.USART2_IRQHandler) refers to uart_config.o(.bss) for receivedDebugPacket
    startup_stm32l152xe.o(STACK) refers (Special) to heapauxi.o(.text) for __use_two_region_memory
    startup_stm32l152xe.o(HEAP) refers (Special) to heapauxi.o(.text) for __use_two_region_memory
    startup_stm32l152xe.o(RESET) refers (Special) to heapauxi.o(.text) for __use_two_region_memory
    startup_stm32l152xe.o(RESET) refers to startup_stm32l152xe.o(STACK) for __initial_sp
    startup_stm32l152xe.o(RESET) refers to startup_stm32l152xe.o(.text) for Reset_Handler
    startup_stm32l152xe.o(RESET) refers to systick_timer_config.o(i.SysTick_Handler) for SysTick_Handler
    startup_stm32l152xe.o(RESET) refers to uart_config.o(i.USART2_IRQHandler) for USART2_IRQHandler
    startup_stm32l152xe.o(RESET) refers to main.o(i.USART3_IRQHandler) for USART3_IRQHandler
    startup_stm32l152xe.o(.text) refers (Special) to heapauxi.o(.text) for __use_two_region_memory
    startup_stm32l152xe.o(.text) refers to system_stm32l1xx.o(i.SystemInit) for SystemInit
    startup_stm32l152xe.o(.text) refers to __main.o(!!!main) for __main
    startup_stm32l152xe.o(.text) refers to startup_stm32l152xe.o(HEAP) for Heap_Mem
    startup_stm32l152xe.o(.text) refers to startup_stm32l152xe.o(STACK) for Stack_Mem
    system_stm32l1xx.o(i.SystemCoreClockUpdate) refers to system_stm32l1xx.o(.data) for SystemCoreClock
    system_stm32l1xx.o(i.SystemCoreClockUpdate) refers to system_stm32l1xx.o(.constdata) for PLLMulTable
    __2sprintf.o(.text) refers to _printf_char_common.o(.text) for _printf_char_common
    __2sprintf.o(.text) refers to _sputc.o(.text) for _sputc
    noretval__2sprintf.o(.text) refers to _printf_char_common.o(.text) for _printf_char_common
    noretval__2sprintf.o(.text) refers to _sputc.o(.text) for _sputc
    __printf.o(.text) refers to _printf_percent.o(.ARM.Collect$$_printf_percent$$00000000) for _printf_percent
    _printf_str.o(.text) refers (Special) to _printf_char.o(.text) for _printf_cs_common
    _printf_dec.o(.text) refers to _printf_intcommon.o(.text) for _printf_int_common
    _printf_hex_ll.o(.text) refers to _printf_intcommon.o(.text) for _printf_int_common
    _printf_hex_ll.o(.text) refers to _printf_hex_ll.o(.constdata) for .constdata
    _printf_hex_int.o(.text) refers to _printf_intcommon.o(.text) for _printf_int_common
    _printf_hex_int.o(.text) refers to _printf_hex_int.o(.constdata) for .constdata
    _printf_hex_int_ll.o(.text) refers to _printf_intcommon.o(.text) for _printf_int_common
    _printf_hex_int_ll.o(.text) refers to _printf_hex_int_ll.o(.constdata) for .constdata
    _printf_hex_ptr.o(.text) refers to _printf_intcommon.o(.text) for _printf_int_common
    _printf_hex_ptr.o(.text) refers to _printf_hex_ptr.o(.constdata) for .constdata
    _printf_hex_int_ptr.o(.text) refers to _printf_intcommon.o(.text) for _printf_int_common
    _printf_hex_int_ptr.o(.text) refers to _printf_hex_int_ptr.o(.constdata) for .constdata
    _printf_hex_ll_ptr.o(.text) refers to _printf_intcommon.o(.text) for _printf_int_common
    _printf_hex_ll_ptr.o(.text) refers to _printf_hex_ll_ptr.o(.constdata) for .constdata
    _printf_hex_int_ll_ptr.o(.text) refers to _printf_intcommon.o(.text) for _printf_int_common
    _printf_hex_int_ll_ptr.o(.text) refers to _printf_hex_int_ll_ptr.o(.constdata) for .constdata
    __printf_flags.o(.text) refers to _printf_percent.o(.ARM.Collect$$_printf_percent$$00000000) for _printf_percent
    __printf_flags.o(.text) refers to __printf_flags.o(.constdata) for .constdata
    __printf_ss.o(.text) refers to _printf_percent.o(.ARM.Collect$$_printf_percent$$00000000) for _printf_percent
    __printf_flags_ss.o(.text) refers to _printf_percent.o(.ARM.Collect$$_printf_percent$$00000000) for _printf_percent
    __printf_flags_ss.o(.text) refers to __printf_flags_ss.o(.constdata) for .constdata
    __printf_wp.o(.text) refers to __printf_wp.o(i._is_digit) for _is_digit
    __printf_wp.o(.text) refers to _printf_percent.o(.ARM.Collect$$_printf_percent$$00000000) for _printf_percent
    __printf_flags_wp.o(.text) refers to __printf_wp.o(i._is_digit) for _is_digit
    __printf_flags_wp.o(.text) refers to _printf_percent.o(.ARM.Collect$$_printf_percent$$00000000) for _printf_percent
    __printf_flags_wp.o(.text) refers to __printf_flags_wp.o(.constdata) for .constdata
    __printf_ss_wp.o(.text) refers to __printf_wp.o(i._is_digit) for _is_digit
    __printf_ss_wp.o(.text) refers to _printf_percent.o(.ARM.Collect$$_printf_percent$$00000000) for _printf_percent
    __printf_flags_ss_wp.o(.text) refers to __printf_wp.o(i._is_digit) for _is_digit
    __printf_flags_ss_wp.o(.text) refers to _printf_percent.o(.ARM.Collect$$_printf_percent$$00000000) for _printf_percent
    __printf_flags_ss_wp.o(.text) refers to __printf_flags_ss_wp.o(.constdata) for .constdata
    _printf_s.o(.ARM.Collect$$_printf_percent$$00000014) refers (Weak) to _printf_char.o(.text) for _printf_string
    _printf_x.o(.ARM.Collect$$_printf_percent$$0000000C) refers (Weak) to _printf_hex_int.o(.text) for _printf_int_hex
    _printf_d.o(.ARM.Collect$$_printf_percent$$00000009) refers (Weak) to _printf_dec.o(.text) for _printf_int_dec
    _printf_percent.o(.ARM.Collect$$_printf_percent$$00000000) refers (Special) to _printf_percent_end.o(.ARM.Collect$$_printf_percent$$00000017) for _printf_percent_end
    __main.o(!!!main) refers to __rtentry.o(.ARM.Collect$$rtentry$$00000000) for __rt_entry
    __rtentry.o(.ARM.Collect$$rtentry$$00000000) refers (Special) to __rtentry2.o(.ARM.Collect$$rtentry$$0000000A) for __rt_entry_li
    __rtentry.o(.ARM.Collect$$rtentry$$00000000) refers (Special) to __rtentry2.o(.ARM.Collect$$rtentry$$0000000D) for __rt_entry_main
    __rtentry.o(.ARM.Collect$$rtentry$$00000000) refers (Special) to __rtentry2.o(.ARM.Collect$$rtentry$$0000000C) for __rt_entry_postli_1
    __rtentry.o(.ARM.Collect$$rtentry$$00000000) refers (Special) to __rtentry2.o(.ARM.Collect$$rtentry$$00000009) for __rt_entry_postsh_1
    __rtentry.o(.ARM.Collect$$rtentry$$00000000) refers (Special) to __rtentry2.o(.ARM.Collect$$rtentry$$00000002) for __rt_entry_presh_1
    __rtentry.o(.ARM.Collect$$rtentry$$00000000) refers (Special) to __rtentry4.o(.ARM.Collect$$rtentry$$00000004) for __rt_entry_sh
    _printf_char_common.o(.text) refers to __printf.o(.text) for __printf
    _printf_char.o(.text) refers (Weak) to _printf_str.o(.text) for _printf_str
    __rtentry2.o(.ARM.Collect$$rtentry$$00000008) refers to boardinit2.o(.text) for _platform_post_stackheap_init
    __rtentry2.o(.ARM.Collect$$rtentry$$0000000A) refers to libinit.o(.ARM.Collect$$libinit$$00000000) for __rt_lib_init
    __rtentry2.o(.ARM.Collect$$rtentry$$0000000B) refers to boardinit3.o(.text) for _platform_post_lib_init
    __rtentry2.o(.ARM.Collect$$rtentry$$0000000D) refers to main.o(i.main) for main
    __rtentry2.o(.ARM.Collect$$rtentry$$0000000D) refers to exit.o(.text) for exit
    __rtentry2.o(.ARM.exidx) refers to __rtentry2.o(.ARM.Collect$$rtentry$$00000001) for .ARM.Collect$$rtentry$$00000001
    __rtentry2.o(.ARM.exidx) refers to __rtentry2.o(.ARM.Collect$$rtentry$$00000008) for .ARM.Collect$$rtentry$$00000008
    __rtentry2.o(.ARM.exidx) refers to __rtentry2.o(.ARM.Collect$$rtentry$$0000000A) for .ARM.Collect$$rtentry$$0000000A
    __rtentry2.o(.ARM.exidx) refers to __rtentry2.o(.ARM.Collect$$rtentry$$0000000B) for .ARM.Collect$$rtentry$$0000000B
    __rtentry2.o(.ARM.exidx) refers to __rtentry2.o(.ARM.Collect$$rtentry$$0000000D) for .ARM.Collect$$rtentry$$0000000D
    __rtentry4.o(.ARM.Collect$$rtentry$$00000004) refers to sys_stackheap_outer.o(.text) for __user_setup_stackheap
    __rtentry4.o(.ARM.exidx) refers to __rtentry4.o(.ARM.Collect$$rtentry$$00000004) for .ARM.Collect$$rtentry$$00000004
    sys_stackheap_outer.o(.text) refers to libspace.o(.text) for __user_perproc_libspace
    sys_stackheap_outer.o(.text) refers to startup_stm32l152xe.o(.text) for __user_initial_stackheap
    exit.o(.text) refers to rtexit.o(.ARM.Collect$$rtexit$$00000000) for __rt_exit
    libinit.o(.ARM.Collect$$libinit$$00000000) refers (Special) to libinit2.o(.ARM.Collect$$libinit$$0000002E) for __rt_lib_init_alloca_1
    libinit.o(.ARM.Collect$$libinit$$00000000) refers (Special) to libinit2.o(.ARM.Collect$$libinit$$0000002C) for __rt_lib_init_argv_1
    libinit.o(.ARM.Collect$$libinit$$00000000) refers (Special) to libinit2.o(.ARM.Collect$$libinit$$0000001B) for __rt_lib_init_atexit_1
    libinit.o(.ARM.Collect$$libinit$$00000000) refers (Special) to libinit2.o(.ARM.Collect$$libinit$$00000021) for __rt_lib_init_clock_1
    libinit.o(.ARM.Collect$$libinit$$00000000) refers (Special) to libinit2.o(.ARM.Collect$$libinit$$00000032) for __rt_lib_init_cpp_1
    libinit.o(.ARM.Collect$$libinit$$00000000) refers (Special) to libinit2.o(.ARM.Collect$$libinit$$00000030) for __rt_lib_init_exceptions_1
    libinit.o(.ARM.Collect$$libinit$$00000000) refers (Special) to libinit2.o(.ARM.Collect$$libinit$$00000002) for __rt_lib_init_fp_1
    libinit.o(.ARM.Collect$$libinit$$00000000) refers (Special) to libinit2.o(.ARM.Collect$$libinit$$0000001F) for __rt_lib_init_fp_trap_1
    libinit.o(.ARM.Collect$$libinit$$00000000) refers (Special) to libinit2.o(.ARM.Collect$$libinit$$00000023) for __rt_lib_init_getenv_1
    libinit.o(.ARM.Collect$$libinit$$00000000) refers (Special) to libinit2.o(.ARM.Collect$$libinit$$0000000A) for __rt_lib_init_heap_1
    libinit.o(.ARM.Collect$$libinit$$00000000) refers (Special) to libinit2.o(.ARM.Collect$$libinit$$00000011) for __rt_lib_init_lc_collate_1
    libinit.o(.ARM.Collect$$libinit$$00000000) refers (Special) to libinit2.o(.ARM.Collect$$libinit$$00000013) for __rt_lib_init_lc_ctype_1
    libinit.o(.ARM.Collect$$libinit$$00000000) refers (Special) to libinit2.o(.ARM.Collect$$libinit$$00000015) for __rt_lib_init_lc_monetary_1
    libinit.o(.ARM.Collect$$libinit$$00000000) refers (Special) to libinit2.o(.ARM.Collect$$libinit$$00000017) for __rt_lib_init_lc_numeric_1
    libinit.o(.ARM.Collect$$libinit$$00000000) refers (Special) to libinit2.o(.ARM.Collect$$libinit$$00000019) for __rt_lib_init_lc_time_1
    libinit.o(.ARM.Collect$$libinit$$00000000) refers (Special) to libinit2.o(.ARM.Collect$$libinit$$00000004) for __rt_lib_init_preinit_1
    libinit.o(.ARM.Collect$$libinit$$00000000) refers (Special) to libinit2.o(.ARM.Collect$$libinit$$0000000E) for __rt_lib_init_rand_1
    libinit.o(.ARM.Collect$$libinit$$00000000) refers (Special) to libinit2.o(.ARM.Collect$$libinit$$00000033) for __rt_lib_init_return
    libinit.o(.ARM.Collect$$libinit$$00000000) refers (Special) to libinit2.o(.ARM.Collect$$libinit$$0000001D) for __rt_lib_init_signal_1
    libinit.o(.ARM.Collect$$libinit$$00000000) refers (Special) to libinit2.o(.ARM.Collect$$libinit$$00000025) for __rt_lib_init_stdio_1
    libinit.o(.ARM.Collect$$libinit$$00000000) refers (Special) to libinit2.o(.ARM.Collect$$libinit$$0000000C) for __rt_lib_init_user_alloc_1
    libspace.o(.text) refers to libspace.o(.bss) for __libspace_start
    rtexit.o(.ARM.Collect$$rtexit$$00000000) refers (Special) to rtexit2.o(.ARM.Collect$$rtexit$$00000004) for __rt_exit_exit
    rtexit.o(.ARM.Collect$$rtexit$$00000000) refers (Special) to rtexit2.o(.ARM.Collect$$rtexit$$00000003) for __rt_exit_ls
    rtexit.o(.ARM.Collect$$rtexit$$00000000) refers (Special) to rtexit2.o(.ARM.Collect$$rtexit$$00000002) for __rt_exit_prels_1
    rtexit.o(.ARM.exidx) refers (Special) to rtexit2.o(.ARM.Collect$$rtexit$$00000004) for __rt_exit_exit
    rtexit.o(.ARM.exidx) refers (Special) to rtexit2.o(.ARM.Collect$$rtexit$$00000003) for __rt_exit_ls
    rtexit.o(.ARM.exidx) refers (Special) to rtexit2.o(.ARM.Collect$$rtexit$$00000002) for __rt_exit_prels_1
    rtexit.o(.ARM.exidx) refers to rtexit.o(.ARM.Collect$$rtexit$$00000000) for .ARM.Collect$$rtexit$$00000000
    libinit2.o(.ARM.Collect$$libinit$$00000010) refers to libinit2.o(.ARM.Collect$$libinit$$0000000F) for .ARM.Collect$$libinit$$0000000F
    libinit2.o(.ARM.Collect$$libinit$$00000012) refers to libinit2.o(.ARM.Collect$$libinit$$0000000F) for .ARM.Collect$$libinit$$0000000F
    libinit2.o(.ARM.Collect$$libinit$$00000014) refers to libinit2.o(.ARM.Collect$$libinit$$0000000F) for .ARM.Collect$$libinit$$0000000F
    libinit2.o(.ARM.Collect$$libinit$$00000016) refers to libinit2.o(.ARM.Collect$$libinit$$0000000F) for .ARM.Collect$$libinit$$0000000F
    libinit2.o(.ARM.Collect$$libinit$$00000018) refers to libinit2.o(.ARM.Collect$$libinit$$0000000F) for .ARM.Collect$$libinit$$0000000F
    libinit2.o(.ARM.Collect$$libinit$$00000026) refers to argv_veneer.o(.emb_text) for __ARM_argv_veneer
    libinit2.o(.ARM.Collect$$libinit$$00000027) refers to argv_veneer.o(.emb_text) for __ARM_argv_veneer
    rtexit2.o(.ARM.Collect$$rtexit$$00000003) refers to libshutdown.o(.ARM.Collect$$libshutdown$$00000000) for __rt_lib_shutdown
    rtexit2.o(.ARM.Collect$$rtexit$$00000004) refers to sys_exit.o(.text) for _sys_exit
    rtexit2.o(.ARM.exidx) refers to rtexit2.o(.ARM.Collect$$rtexit$$00000001) for .ARM.Collect$$rtexit$$00000001
    rtexit2.o(.ARM.exidx) refers to rtexit2.o(.ARM.Collect$$rtexit$$00000003) for .ARM.Collect$$rtexit$$00000003
    rtexit2.o(.ARM.exidx) refers to rtexit2.o(.ARM.Collect$$rtexit$$00000004) for .ARM.Collect$$rtexit$$00000004
    argv_veneer.o(.emb_text) refers to no_argv.o(.text) for __ARM_get_argv
    sys_exit.o(.text) refers (Special) to use_no_semi.o(.text) for __I$use$semihosting
    sys_exit.o(.text) refers (Special) to indicate_semi.o(.text) for __semihosting_library_function
    _get_argv_nomalloc.o(.text) refers (Special) to hrguard.o(.text) for __heap_region$guard
    _get_argv_nomalloc.o(.text) refers to defsig_rtmem_outer.o(.text) for __rt_SIGRTMEM
    _get_argv_nomalloc.o(.text) refers to sys_command.o(.text) for _sys_command_string
    libshutdown.o(.ARM.Collect$$libshutdown$$00000000) refers (Special) to libshutdown2.o(.ARM.Collect$$libshutdown$$00000004) for __rt_lib_shutdown_cpp_1
    libshutdown.o(.ARM.Collect$$libshutdown$$00000000) refers (Special) to libshutdown2.o(.ARM.Collect$$libshutdown$$00000002) for __rt_lib_shutdown_fini_1
    libshutdown.o(.ARM.Collect$$libshutdown$$00000000) refers (Special) to libshutdown2.o(.ARM.Collect$$libshutdown$$00000009) for __rt_lib_shutdown_fp_trap_1
    libshutdown.o(.ARM.Collect$$libshutdown$$00000000) refers (Special) to libshutdown2.o(.ARM.Collect$$libshutdown$$00000011) for __rt_lib_shutdown_heap_1
    libshutdown.o(.ARM.Collect$$libshutdown$$00000000) refers (Special) to libshutdown2.o(.ARM.Collect$$libshutdown$$00000012) for __rt_lib_shutdown_return
    libshutdown.o(.ARM.Collect$$libshutdown$$00000000) refers (Special) to libshutdown2.o(.ARM.Collect$$libshutdown$$0000000C) for __rt_lib_shutdown_signal_1
    libshutdown.o(.ARM.Collect$$libshutdown$$00000000) refers (Special) to libshutdown2.o(.ARM.Collect$$libshutdown$$00000006) for __rt_lib_shutdown_stdio_1
    libshutdown.o(.ARM.Collect$$libshutdown$$00000000) refers (Special) to libshutdown2.o(.ARM.Collect$$libshutdown$$0000000E) for __rt_lib_shutdown_user_alloc_1
    sys_command.o(.text) refers (Special) to use_no_semi.o(.text) for __I$use$semihosting
    sys_command.o(.text) refers (Special) to indicate_semi.o(.text) for __semihosting_library_function
    defsig_rtmem_outer.o(.text) refers to defsig_rtmem_inner.o(.text) for __rt_SIGRTMEM_inner
    defsig_rtmem_outer.o(.text) refers to defsig_exit.o(.text) for __sig_exit
    defsig_rtmem_formal.o(.text) refers to rt_raise.o(.text) for __rt_raise
    rt_raise.o(.text) refers to __raise.o(.text) for __raise
    rt_raise.o(.text) refers to sys_exit.o(.text) for _sys_exit
    defsig_exit.o(.text) refers to sys_exit.o(.text) for _sys_exit
    defsig_rtmem_inner.o(.text) refers to defsig_general.o(.text) for __default_signal_display
    __raise.o(.text) refers to defsig.o(CL$$defsig) for __default_signal_handler
    defsig_general.o(.text) refers to sys_wrch.o(.text) for _ttywrch
    sys_wrch.o(.text) refers (Special) to use_no_semi.o(.text) for __I$use$semihosting
    sys_wrch.o(.text) refers (Special) to indicate_semi.o(.text) for __semihosting_library_function
    defsig.o(CL$$defsig) refers to defsig_rtmem_inner.o(.text) for __rt_SIGRTMEM_inner
    defsig_abrt_inner.o(.text) refers to defsig_general.o(.text) for __default_signal_display
    defsig_fpe_inner.o(.text) refers to defsig_general.o(.text) for __default_signal_display
    defsig_rtred_inner.o(.text) refers to defsig_general.o(.text) for __default_signal_display
    defsig_stak_inner.o(.text) refers to defsig_general.o(.text) for __default_signal_display
    defsig_pvfn_inner.o(.text) refers to defsig_general.o(.text) for __default_signal_display
    defsig_cppl_inner.o(.text) refers to defsig_general.o(.text) for __default_signal_display
    defsig_segv_inner.o(.text) refers to defsig_general.o(.text) for __default_signal_display
    defsig_other.o(.text) refers to defsig_general.o(.text) for __default_signal_display


==============================================================================

Removing Unused input sections from the image.

    Removing main.o(.rev16_text), (4 bytes).
    Removing main.o(.revsh_text), (4 bytes).
    Removing main.o(.rrx_text), (6 bytes).
    Removing flash_config.o(i.unlocking_Option_Byte_Block), (60 bytes).
    Removing clock_config.o(.data), (12 bytes).
    Removing systick_timer_config.o(i.delayMS), (60 bytes).
    Removing uart_config.o(i.UARTBluetoothSend), (44 bytes).
    Removing system_stm32l1xx.o(.rev16_text), (4 bytes).
    Removing system_stm32l1xx.o(.revsh_text), (4 bytes).
    Removing system_stm32l1xx.o(.rrx_text), (6 bytes).
    Removing system_stm32l1xx.o(i.SystemCoreClockUpdate), (216 bytes).
    Removing system_stm32l1xx.o(.constdata), (33 bytes).
    Removing system_stm32l1xx.o(.data), (4 bytes).

13 unused section(s) (total 457 bytes) removed from the image.

==============================================================================

Image Symbol Table

    Local Symbols

    Symbol Name                              Value     Ov Type        Size  Object(Section)

    ../clib/angel/boardlib.s                 0x00000000   Number         0  boardinit1.o ABSOLUTE
    ../clib/angel/boardlib.s                 0x00000000   Number         0  boardinit3.o ABSOLUTE
    ../clib/angel/boardlib.s                 0x00000000   Number         0  boardinit2.o ABSOLUTE
    ../clib/angel/boardlib.s                 0x00000000   Number         0  boardshut.o ABSOLUTE
    ../clib/angel/dclz77c.s                  0x00000000   Number         0  __dclz77c.o ABSOLUTE
    ../clib/angel/handlers.s                 0x00000000   Number         0  __scatter_zi.o ABSOLUTE
    ../clib/angel/kernel.s                   0x00000000   Number         0  rtexit.o ABSOLUTE
    ../clib/angel/kernel.s                   0x00000000   Number         0  rtexit2.o ABSOLUTE
    ../clib/angel/kernel.s                   0x00000000   Number         0  __rtentry.o ABSOLUTE
    ../clib/angel/kernel.s                   0x00000000   Number         0  __rtentry2.o ABSOLUTE
    ../clib/angel/kernel.s                   0x00000000   Number         0  __rtentry4.o ABSOLUTE
    ../clib/angel/rt.s                       0x00000000   Number         0  rt_raise.o ABSOLUTE
    ../clib/angel/scatter.s                  0x00000000   Number         0  __scatter.o ABSOLUTE
    ../clib/angel/startup.s                  0x00000000   Number         0  __main.o ABSOLUTE
    ../clib/angel/sys.s                      0x00000000   Number         0  sys_stackheap_outer.o ABSOLUTE
    ../clib/angel/sys.s                      0x00000000   Number         0  libspace.o ABSOLUTE
    ../clib/angel/sys.s                      0x00000000   Number         0  use_no_semi.o ABSOLUTE
    ../clib/angel/sys.s                      0x00000000   Number         0  indicate_semi.o ABSOLUTE
    ../clib/angel/sysapp.c                   0x00000000   Number         0  sys_command.o ABSOLUTE
    ../clib/angel/sysapp.c                   0x00000000   Number         0  sys_exit.o ABSOLUTE
    ../clib/angel/sysapp.c                   0x00000000   Number         0  sys_wrch.o ABSOLUTE
    ../clib/armsys.c                         0x00000000   Number         0  argv_veneer.o ABSOLUTE
    ../clib/armsys.c                         0x00000000   Number         0  argv_veneer.o ABSOLUTE
    ../clib/armsys.c                         0x00000000   Number         0  _get_argv_nomalloc.o ABSOLUTE
    ../clib/armsys.c                         0x00000000   Number         0  no_argv.o ABSOLUTE
    ../clib/heapalloc.c                      0x00000000   Number         0  hrguard.o ABSOLUTE
    ../clib/heapaux.c                        0x00000000   Number         0  heapauxi.o ABSOLUTE
    ../clib/libinit.s                        0x00000000   Number         0  libshutdown.o ABSOLUTE
    ../clib/libinit.s                        0x00000000   Number         0  libshutdown2.o ABSOLUTE
    ../clib/libinit.s                        0x00000000   Number         0  libinit2.o ABSOLUTE
    ../clib/libinit.s                        0x00000000   Number         0  libinit.o ABSOLUTE
    ../clib/printf.c                         0x00000000   Number         0  _printf_hex_int_ll.o ABSOLUTE
    ../clib/printf.c                         0x00000000   Number         0  __printf_flags_ss.o ABSOLUTE
    ../clib/printf.c                         0x00000000   Number         0  _printf_char_common.o ABSOLUTE
    ../clib/printf.c                         0x00000000   Number         0  __printf_flags_ss_wp.o ABSOLUTE
    ../clib/printf.c                         0x00000000   Number         0  __printf_flags_wp.o ABSOLUTE
    ../clib/printf.c                         0x00000000   Number         0  _printf_intcommon.o ABSOLUTE
    ../clib/printf.c                         0x00000000   Number         0  __printf_ss_wp.o ABSOLUTE
    ../clib/printf.c                         0x00000000   Number         0  __2sprintf.o ABSOLUTE
    ../clib/printf.c                         0x00000000   Number         0  noretval__2sprintf.o ABSOLUTE
    ../clib/printf.c                         0x00000000   Number         0  __printf.o ABSOLUTE
    ../clib/printf.c                         0x00000000   Number         0  _printf_str.o ABSOLUTE
    ../clib/printf.c                         0x00000000   Number         0  _printf_dec.o ABSOLUTE
    ../clib/printf.c                         0x00000000   Number         0  _printf_hex_ll.o ABSOLUTE
    ../clib/printf.c                         0x00000000   Number         0  _printf_hex_int.o ABSOLUTE
    ../clib/printf.c                         0x00000000   Number         0  __printf_nopercent.o ABSOLUTE
    ../clib/printf.c                         0x00000000   Number         0  __printf_wp.o ABSOLUTE
    ../clib/printf.c                         0x00000000   Number         0  _printf_char.o ABSOLUTE
    ../clib/printf.c                         0x00000000   Number         0  _sputc.o ABSOLUTE
    ../clib/printf.c                         0x00000000   Number         0  _printf_hex_ptr.o ABSOLUTE
    ../clib/printf.c                         0x00000000   Number         0  _printf_hex_int_ptr.o ABSOLUTE
    ../clib/printf.c                         0x00000000   Number         0  _printf_hex_ll_ptr.o ABSOLUTE
    ../clib/printf.c                         0x00000000   Number         0  _printf_hex_int_ll_ptr.o ABSOLUTE
    ../clib/printf.c                         0x00000000   Number         0  __printf_flags.o ABSOLUTE
    ../clib/printf.c                         0x00000000   Number         0  __printf_ss.o ABSOLUTE
    ../clib/printf_percent.s                 0x00000000   Number         0  _printf_percent.o ABSOLUTE
    ../clib/printf_percent.s                 0x00000000   Number         0  _printf_d.o ABSOLUTE
    ../clib/printf_percent.s                 0x00000000   Number         0  _printf_x.o ABSOLUTE
    ../clib/printf_percent.s                 0x00000000   Number         0  _printf_s.o ABSOLUTE
    ../clib/printf_percent.s                 0x00000000   Number         0  _printf_percent_end.o ABSOLUTE
    ../clib/signal.c                         0x00000000   Number         0  defsig_pvfn_inner.o ABSOLUTE
    ../clib/signal.c                         0x00000000   Number         0  defsig_cppl_inner.o ABSOLUTE
    ../clib/signal.c                         0x00000000   Number         0  defsig_general.o ABSOLUTE
    ../clib/signal.c                         0x00000000   Number         0  defsig_rtred_inner.o ABSOLUTE
    ../clib/signal.c                         0x00000000   Number         0  defsig_segv_inner.o ABSOLUTE
    ../clib/signal.c                         0x00000000   Number         0  defsig_other.o ABSOLUTE
    ../clib/signal.c                         0x00000000   Number         0  defsig_abrt_inner.o ABSOLUTE
    ../clib/signal.c                         0x00000000   Number         0  defsig_rtmem_formal.o ABSOLUTE
    ../clib/signal.c                         0x00000000   Number         0  defsig_exit.o ABSOLUTE
    ../clib/signal.c                         0x00000000   Number         0  defsig_stak_inner.o ABSOLUTE
    ../clib/signal.c                         0x00000000   Number         0  defsig_fpe_inner.o ABSOLUTE
    ../clib/signal.c                         0x00000000   Number         0  defsig_rtmem_inner.o ABSOLUTE
    ../clib/signal.c                         0x00000000   Number         0  defsig_rtmem_outer.o ABSOLUTE
    ../clib/signal.c                         0x00000000   Number         0  __raise.o ABSOLUTE
    ../clib/signal.s                         0x00000000   Number         0  defsig.o ABSOLUTE
    ../clib/stdlib.c                         0x00000000   Number         0  exit.o ABSOLUTE
    ../fplib/fpinit.s                        0x00000000   Number         0  fpinit.o ABSOLUTE
    RTE\Device\STM32L152RETx\startup_stm32l152xe.s 0x00000000   Number         0  startup_stm32l152xe.o ABSOLUTE
    RTE\Device\STM32L152RETx\system_stm32l1xx.c 0x00000000   Number         0  system_stm32l1xx.o ABSOLUTE
    RTE\\Device\\STM32L152RETx\\system_stm32l1xx.c 0x00000000   Number         0  system_stm32l1xx.o ABSOLUTE
    clock_config.c                           0x00000000   Number         0  clock_config.o ABSOLUTE
    dc.s                                     0x00000000   Number         0  dc.o ABSOLUTE
    flash_config.c                           0x00000000   Number         0  flash_config.o ABSOLUTE
    gpio_config.c                            0x00000000   Number         0  gpio_config.o ABSOLUTE
    main.c                                   0x00000000   Number         0  main.o ABSOLUTE
    main.c                                   0x00000000   Number         0  main.o ABSOLUTE
    sysTick_timer_config.c                   0x00000000   Number         0  systick_timer_config.o ABSOLUTE
    uart_config.c                            0x00000000   Number         0  uart_config.o ABSOLUTE
    RESET                                    0x08000000   Section      292  startup_stm32l152xe.o(RESET)
    !!!main                                  0x08000124   Section        8  __main.o(!!!main)
    !!!scatter                               0x0800012c   Section       52  __scatter.o(!!!scatter)
    !!dclz77c                                0x08000160   Section      100  __dclz77c.o(!!dclz77c)
    !!handler_zi                             0x080001c4   Section       28  __scatter_zi.o(!!handler_zi)
    .ARM.Collect$$_printf_percent$$00000000  0x080001e0   Section        0  _printf_percent.o(.ARM.Collect$$_printf_percent$$00000000)
    .ARM.Collect$$_printf_percent$$00000009  0x080001e0   Section        6  _printf_d.o(.ARM.Collect$$_printf_percent$$00000009)
    .ARM.Collect$$_printf_percent$$0000000C  0x080001e6   Section        6  _printf_x.o(.ARM.Collect$$_printf_percent$$0000000C)
    .ARM.Collect$$_printf_percent$$00000014  0x080001ec   Section        6  _printf_s.o(.ARM.Collect$$_printf_percent$$00000014)
    .ARM.Collect$$_printf_percent$$00000017  0x080001f2   Section        4  _printf_percent_end.o(.ARM.Collect$$_printf_percent$$00000017)
    .ARM.Collect$$libinit$$00000000          0x080001f6   Section        2  libinit.o(.ARM.Collect$$libinit$$00000000)
    .ARM.Collect$$libinit$$00000002          0x080001f8   Section        0  libinit2.o(.ARM.Collect$$libinit$$00000002)
    .ARM.Collect$$libinit$$00000004          0x080001f8   Section        0  libinit2.o(.ARM.Collect$$libinit$$00000004)
    .ARM.Collect$$libinit$$0000000A          0x080001f8   Section        0  libinit2.o(.ARM.Collect$$libinit$$0000000A)
    .ARM.Collect$$libinit$$0000000C          0x080001f8   Section        0  libinit2.o(.ARM.Collect$$libinit$$0000000C)
    .ARM.Collect$$libinit$$0000000E          0x080001f8   Section        0  libinit2.o(.ARM.Collect$$libinit$$0000000E)
    .ARM.Collect$$libinit$$00000011          0x080001f8   Section        0  libinit2.o(.ARM.Collect$$libinit$$00000011)
    .ARM.Collect$$libinit$$00000013          0x080001f8   Section        0  libinit2.o(.ARM.Collect$$libinit$$00000013)
    .ARM.Collect$$libinit$$00000015          0x080001f8   Section        0  libinit2.o(.ARM.Collect$$libinit$$00000015)
    .ARM.Collect$$libinit$$00000017          0x080001f8   Section        0  libinit2.o(.ARM.Collect$$libinit$$00000017)
    .ARM.Collect$$libinit$$00000019          0x080001f8   Section        0  libinit2.o(.ARM.Collect$$libinit$$00000019)
    .ARM.Collect$$libinit$$0000001B          0x080001f8   Section        0  libinit2.o(.ARM.Collect$$libinit$$0000001B)
    .ARM.Collect$$libinit$$0000001D          0x080001f8   Section        0  libinit2.o(.ARM.Collect$$libinit$$0000001D)
    .ARM.Collect$$libinit$$0000001F          0x080001f8   Section        0  libinit2.o(.ARM.Collect$$libinit$$0000001F)
    .ARM.Collect$$libinit$$00000021          0x080001f8   Section        0  libinit2.o(.ARM.Collect$$libinit$$00000021)
    .ARM.Collect$$libinit$$00000023          0x080001f8   Section        0  libinit2.o(.ARM.Collect$$libinit$$00000023)
    .ARM.Collect$$libinit$$00000025          0x080001f8   Section        0  libinit2.o(.ARM.Collect$$libinit$$00000025)
    .ARM.Collect$$libinit$$0000002C          0x080001f8   Section        0  libinit2.o(.ARM.Collect$$libinit$$0000002C)
    .ARM.Collect$$libinit$$0000002E          0x080001f8   Section        0  libinit2.o(.ARM.Collect$$libinit$$0000002E)
    .ARM.Collect$$libinit$$00000030          0x080001f8   Section        0  libinit2.o(.ARM.Collect$$libinit$$00000030)
    .ARM.Collect$$libinit$$00000032          0x080001f8   Section        0  libinit2.o(.ARM.Collect$$libinit$$00000032)
    .ARM.Collect$$libinit$$00000033          0x080001f8   Section        2  libinit2.o(.ARM.Collect$$libinit$$00000033)
    .ARM.Collect$$libshutdown$$00000000      0x080001fa   Section        2  libshutdown.o(.ARM.Collect$$libshutdown$$00000000)
    .ARM.Collect$$libshutdown$$00000002      0x080001fc   Section        0  libshutdown2.o(.ARM.Collect$$libshutdown$$00000002)
    .ARM.Collect$$libshutdown$$00000004      0x080001fc   Section        0  libshutdown2.o(.ARM.Collect$$libshutdown$$00000004)
    .ARM.Collect$$libshutdown$$00000006      0x080001fc   Section        0  libshutdown2.o(.ARM.Collect$$libshutdown$$00000006)
    .ARM.Collect$$libshutdown$$00000009      0x080001fc   Section        0  libshutdown2.o(.ARM.Collect$$libshutdown$$00000009)
    .ARM.Collect$$libshutdown$$0000000C      0x080001fc   Section        0  libshutdown2.o(.ARM.Collect$$libshutdown$$0000000C)
    .ARM.Collect$$libshutdown$$0000000E      0x080001fc   Section        0  libshutdown2.o(.ARM.Collect$$libshutdown$$0000000E)
    .ARM.Collect$$libshutdown$$00000011      0x080001fc   Section        0  libshutdown2.o(.ARM.Collect$$libshutdown$$00000011)
    .ARM.Collect$$libshutdown$$00000012      0x080001fc   Section        2  libshutdown2.o(.ARM.Collect$$libshutdown$$00000012)
    .ARM.Collect$$rtentry$$00000000          0x080001fe   Section        0  __rtentry.o(.ARM.Collect$$rtentry$$00000000)
    .ARM.Collect$$rtentry$$00000002          0x080001fe   Section        0  __rtentry2.o(.ARM.Collect$$rtentry$$00000002)
    .ARM.Collect$$rtentry$$00000004          0x080001fe   Section        6  __rtentry4.o(.ARM.Collect$$rtentry$$00000004)
    .ARM.Collect$$rtentry$$00000009          0x08000204   Section        0  __rtentry2.o(.ARM.Collect$$rtentry$$00000009)
    .ARM.Collect$$rtentry$$0000000A          0x08000204   Section        4  __rtentry2.o(.ARM.Collect$$rtentry$$0000000A)
    .ARM.Collect$$rtentry$$0000000C          0x08000208   Section        0  __rtentry2.o(.ARM.Collect$$rtentry$$0000000C)
    .ARM.Collect$$rtentry$$0000000D          0x08000208   Section        8  __rtentry2.o(.ARM.Collect$$rtentry$$0000000D)
    .ARM.Collect$$rtexit$$00000000           0x08000210   Section        2  rtexit.o(.ARM.Collect$$rtexit$$00000000)
    .ARM.Collect$$rtexit$$00000002           0x08000212   Section        0  rtexit2.o(.ARM.Collect$$rtexit$$00000002)
    .ARM.Collect$$rtexit$$00000003           0x08000212   Section        4  rtexit2.o(.ARM.Collect$$rtexit$$00000003)
    .ARM.Collect$$rtexit$$00000004           0x08000216   Section        6  rtexit2.o(.ARM.Collect$$rtexit$$00000004)
    .text                                    0x0800021c   Section       64  startup_stm32l152xe.o(.text)
    .text                                    0x0800025c   Section        0  noretval__2sprintf.o(.text)
    .text                                    0x08000284   Section        0  __printf.o(.text)
    .text                                    0x080002ec   Section        0  _printf_str.o(.text)
    .text                                    0x08000340   Section        0  _printf_dec.o(.text)
    .text                                    0x080003b8   Section        0  _printf_hex_int.o(.text)
    .text                                    0x08000410   Section        0  heapauxi.o(.text)
    .text                                    0x08000416   Section        0  _printf_intcommon.o(.text)
    .text                                    0x080004c8   Section        0  _printf_char_common.o(.text)
    _printf_input_char                       0x080004c9   Thumb Code    10  _printf_char_common.o(.text)
    .text                                    0x080004f8   Section        0  _sputc.o(.text)
    .text                                    0x08000502   Section        0  _printf_char.o(.text)
    .text                                    0x0800052e   Section       74  sys_stackheap_outer.o(.text)
    .text                                    0x08000578   Section        0  exit.o(.text)
    .text                                    0x0800058c   Section        8  libspace.o(.text)
    .text                                    0x08000594   Section        0  sys_exit.o(.text)
    .text                                    0x080005a0   Section        2  use_no_semi.o(.text)
    .text                                    0x080005a2   Section        0  indicate_semi.o(.text)
    i.InitSysTickTimerInMiliseconds          0x080005a4   Section        0  systick_timer_config.o(i.InitSysTickTimerInMiliseconds)
    i.InitUARTforBluetooth                   0x080005e4   Section        0  uart_config.o(i.InitUARTforBluetooth)
    i.InitUARTforDebug                       0x08000710   Section        0  uart_config.o(i.InitUARTforDebug)
    i.InitUserLED                            0x0800083c   Section        0  gpio_config.o(i.InitUserLED)
    i.OffUserLED                             0x08000878   Section        0  gpio_config.o(i.OffUserLED)
    i.OnUserLED                              0x080008a0   Section        0  gpio_config.o(i.OnUserLED)
    i.SysTick_Handler                        0x080008c8   Section        0  systick_timer_config.o(i.SysTick_Handler)
    i.SystemInit                             0x080008dc   Section        0  system_stm32l1xx.o(i.SystemInit)
    i.UARTDebugSend                          0x080008ec   Section        0  uart_config.o(i.UARTDebugSend)
    i.USART2_IRQHandler                      0x08000918   Section        0  uart_config.o(i.USART2_IRQHandler)
    i.USART3_IRQHandler                      0x080009d0   Section        0  main.o(i.USART3_IRQHandler)
    i.jumpFunction                           0x08000a8c   Section        0  main.o(i.jumpFunction)
    i.main                                   0x08000af4   Section        0  main.o(i.main)
    i.program_Memory_Fast_Word_Write         0x08000e54   Section        0  flash_config.o(i.program_Memory_Fast_Word_Write)
    i.program_Memory_Page_Erase              0x08000e98   Section        0  flash_config.o(i.program_Memory_Page_Erase)
    i.unlocking_Flash_PECR_Register          0x08000edc   Section        0  flash_config.o(i.unlocking_Flash_PECR_Register)
    i.unlocking_Program_Memory               0x08000f10   Section        0  flash_config.o(i.unlocking_Program_Memory)
    i.welcomeMessage                         0x08000f4c   Section        0  main.o(i.welcomeMessage)
    .constdata                               0x08001050   Section       40  _printf_hex_int.o(.constdata)
    uc_hextab                                0x08001050   Data          20  _printf_hex_int.o(.constdata)
    lc_hextab                                0x08001064   Data          20  _printf_hex_int.o(.constdata)
    .data                                    0x20000000   Section      300  main.o(.data)
    FLASH                                    0x20000000   Data          20  main.o(.data)
    GPIOA                                    0x20000014   Data          20  main.o(.data)
    GPIOB                                    0x20000028   Data          20  main.o(.data)
    GPIOC                                    0x2000003c   Data          20  main.o(.data)
    RCC                                      0x20000050   Data          12  main.o(.data)
    sysTickCSR                               0x2000005c   Data           4  main.o(.data)
    sysTickRVR                               0x20000060   Data           4  main.o(.data)
    sysTickCVR                               0x20000064   Data           4  main.o(.data)
    sysTickCalibrationVR                     0x20000068   Data           4  main.o(.data)
    sysTickCount                             0x2000006c   Data           2  main.o(.data)
    NVIC                                     0x20000070   Data          12  main.o(.data)
    USART2                                   0x2000007c   Data          28  main.o(.data)
    USART3                                   0x20000098   Data          28  main.o(.data)
    receivedDebugIndex                       0x200000b4   Data           2  main.o(.data)
    clearDebugPacket                         0x200000b6   Data           2  main.o(.data)
    debugWelcomeMessage                      0x200000b8   Data          44  main.o(.data)
    receivedBluetoothIndex                   0x200000e4   Data           2  main.o(.data)
    clearBluetoothPacket                     0x200000e6   Data           2  main.o(.data)
    bluetoothWelcomeMessage                  0x200000e8   Data          48  main.o(.data)
    .data                                    0x2000012c   Section       20  flash_config.o(.data)
    FLASH                                    0x2000012c   Data          20  flash_config.o(.data)
    .data                                    0x20000140   Section       72  gpio_config.o(.data)
    RCC                                      0x20000140   Data          12  gpio_config.o(.data)
    GPIOA                                    0x2000014c   Data          20  gpio_config.o(.data)
    GPIOB                                    0x20000160   Data          20  gpio_config.o(.data)
    GPIOC                                    0x20000174   Data          20  gpio_config.o(.data)
    .data                                    0x20000188   Section       30  systick_timer_config.o(.data)
    RCC                                      0x20000188   Data          12  systick_timer_config.o(.data)
    sysTickCSR                               0x20000194   Data           4  systick_timer_config.o(.data)
    sysTickRVR                               0x20000198   Data           4  systick_timer_config.o(.data)
    sysTickCVR                               0x2000019c   Data           4  systick_timer_config.o(.data)
    sysTickCalibrationVR                     0x200001a0   Data           4  systick_timer_config.o(.data)
    sysTickCount                             0x200001a4   Data           2  systick_timer_config.o(.data)
    .data                                    0x200001a8   Section      260  uart_config.o(.data)
    NVIC                                     0x200001a8   Data          12  uart_config.o(.data)
    USART2                                   0x200001b4   Data          28  uart_config.o(.data)
    USART3                                   0x200001d0   Data          28  uart_config.o(.data)
    receivedDebugIndex                       0x200001ec   Data           2  uart_config.o(.data)
    clearDebugPacket                         0x200001ee   Data           2  uart_config.o(.data)
    debugWelcomeMessage                      0x200001f0   Data          44  uart_config.o(.data)
    receivedBluetoothIndex                   0x2000021c   Data           2  uart_config.o(.data)
    clearBluetoothPacket                     0x2000021e   Data           2  uart_config.o(.data)
    bluetoothWelcomeMessage                  0x20000220   Data          48  uart_config.o(.data)
    RCC                                      0x20000250   Data          12  uart_config.o(.data)
    GPIOA                                    0x2000025c   Data          20  uart_config.o(.data)
    GPIOB                                    0x20000270   Data          20  uart_config.o(.data)
    GPIOC                                    0x20000284   Data          20  uart_config.o(.data)
    FLASH                                    0x20000298   Data          20  uart_config.o(.data)
    .bss                                     0x200002ac   Section     2414  main.o(.bss)
    msg                                      0x200002ac   Data          64  main.o(.bss)
    receivedDebugPacket                      0x200002ec   Data         255  main.o(.bss)
    receivedDebugPacketToDebug               0x200003eb   Data         255  main.o(.bss)
    receivedBluetoothPacket                  0x200004ea   Data         255  main.o(.bss)
    receivedBluetoothPacketToDebug           0x200005e9   Data         255  main.o(.bss)
    .bss                                     0x20000c1a   Section     1084  uart_config.o(.bss)
    msg                                      0x20000c1a   Data          64  uart_config.o(.bss)
    receivedDebugPacket                      0x20000c5a   Data         255  uart_config.o(.bss)
    receivedDebugPacketToDebug               0x20000d59   Data         255  uart_config.o(.bss)
    receivedBluetoothPacket                  0x20000e58   Data         255  uart_config.o(.bss)
    receivedBluetoothPacketToDebug           0x20000f57   Data         255  uart_config.o(.bss)
    .bss                                     0x20001058   Section       96  libspace.o(.bss)
    HEAP                                     0x200010b8   Section      512  startup_stm32l152xe.o(HEAP)
    Heap_Mem                                 0x200010b8   Data         512  startup_stm32l152xe.o(HEAP)
    STACK                                    0x200012b8   Section     1024  startup_stm32l152xe.o(STACK)
    Stack_Mem                                0x200012b8   Data        1024  startup_stm32l152xe.o(STACK)
    __initial_sp                             0x200016b8   Data           0  startup_stm32l152xe.o(STACK)

    Global Symbols

    Symbol Name                              Value     Ov Type        Size  Object(Section)

    BuildAttributes$$THM_ISAv4$P$D$K$B$S$PE$A:L22UL41UL21$X:L11$S22US41US21$IEEE1$IW$USESV6$~STKCKD$USESV7$~SHL$OSPACE$ROPI$EBA8$UX$STANDARDLIB$REQ8$PRES8$EABIv2 0x00000000   Number         0  anon$$obj.o ABSOLUTE
    __ARM_use_no_argv                        0x00000000   Number         0  main.o ABSOLUTE
    __ARM_exceptions_init                     - Undefined Weak Reference
    __alloca_initialize                       - Undefined Weak Reference
    __arm_fini_                               - Undefined Weak Reference
    __arm_preinit_                            - Undefined Weak Reference
    __cpp_initialize__aeabi_                  - Undefined Weak Reference
    __cxa_finalize                            - Undefined Weak Reference
    __rt_locale                               - Undefined Weak Reference
    __sigvec_lookup                           - Undefined Weak Reference
    _atexit_init                              - Undefined Weak Reference
    _call_atexit_fns                          - Undefined Weak Reference
    _clock_init                               - Undefined Weak Reference
    _fp_trap_init                             - Undefined Weak Reference
    _fp_trap_shutdown                         - Undefined Weak Reference
    _get_lc_collate                           - Undefined Weak Reference
    _get_lc_ctype                             - Undefined Weak Reference
    _get_lc_monetary                          - Undefined Weak Reference
    _get_lc_numeric                           - Undefined Weak Reference
    _get_lc_time                              - Undefined Weak Reference
    _getenv_init                              - Undefined Weak Reference
    _handle_redirection                       - Undefined Weak Reference
    _init_alloc                               - Undefined Weak Reference
    _init_user_alloc                          - Undefined Weak Reference
    _initio                                   - Undefined Weak Reference
    _printf_mbtowc                            - Undefined Weak Reference
    _printf_post_padding                      - Undefined Weak Reference
    _printf_pre_padding                       - Undefined Weak Reference
    _printf_truncate_signed                   - Undefined Weak Reference
    _printf_truncate_unsigned                 - Undefined Weak Reference
    _rand_init                                - Undefined Weak Reference
    _signal_finish                            - Undefined Weak Reference
    _signal_init                              - Undefined Weak Reference
    _terminate_alloc                          - Undefined Weak Reference
    _terminate_user_alloc                     - Undefined Weak Reference
    _terminateio                              - Undefined Weak Reference
    __Vectors_Size                           0x00000124   Number         0  startup_stm32l152xe.o ABSOLUTE
    __Vectors                                0x08000000   Data           4  startup_stm32l152xe.o(RESET)
    __Vectors_End                            0x08000124   Data           0  startup_stm32l152xe.o(RESET)
    __main                                   0x08000125   Thumb Code     8  __main.o(!!!main)
    __scatterload                            0x0800012d   Thumb Code     0  __scatter.o(!!!scatter)
    __scatterload_rt2                        0x0800012d   Thumb Code    44  __scatter.o(!!!scatter)
    __scatterload_rt2_thumb_only             0x0800012d   Thumb Code     0  __scatter.o(!!!scatter)
    __scatterload_null                       0x0800013b   Thumb Code     0  __scatter.o(!!!scatter)
    __decompress                             0x08000161   Thumb Code   100  __dclz77c.o(!!dclz77c)
    __decompress2                            0x08000161   Thumb Code     0  __dclz77c.o(!!dclz77c)
    __scatterload_zeroinit                   0x080001c5   Thumb Code    28  __scatter_zi.o(!!handler_zi)
    _printf_d                                0x080001e1   Thumb Code     0  _printf_d.o(.ARM.Collect$$_printf_percent$$00000009)
    _printf_percent                          0x080001e1   Thumb Code     0  _printf_percent.o(.ARM.Collect$$_printf_percent$$00000000)
    _printf_x                                0x080001e7   Thumb Code     0  _printf_x.o(.ARM.Collect$$_printf_percent$$0000000C)
    _printf_s                                0x080001ed   Thumb Code     0  _printf_s.o(.ARM.Collect$$_printf_percent$$00000014)
    _printf_percent_end                      0x080001f3   Thumb Code     0  _printf_percent_end.o(.ARM.Collect$$_printf_percent$$00000017)
    __rt_lib_init                            0x080001f7   Thumb Code     0  libinit.o(.ARM.Collect$$libinit$$00000000)
    __rt_lib_init_alloca_1                   0x080001f9   Thumb Code     0  libinit2.o(.ARM.Collect$$libinit$$0000002E)
    __rt_lib_init_argv_1                     0x080001f9   Thumb Code     0  libinit2.o(.ARM.Collect$$libinit$$0000002C)
    __rt_lib_init_atexit_1                   0x080001f9   Thumb Code     0  libinit2.o(.ARM.Collect$$libinit$$0000001B)
    __rt_lib_init_clock_1                    0x080001f9   Thumb Code     0  libinit2.o(.ARM.Collect$$libinit$$00000021)
    __rt_lib_init_cpp_1                      0x080001f9   Thumb Code     0  libinit2.o(.ARM.Collect$$libinit$$00000032)
    __rt_lib_init_exceptions_1               0x080001f9   Thumb Code     0  libinit2.o(.ARM.Collect$$libinit$$00000030)
    __rt_lib_init_fp_1                       0x080001f9   Thumb Code     0  libinit2.o(.ARM.Collect$$libinit$$00000002)
    __rt_lib_init_fp_trap_1                  0x080001f9   Thumb Code     0  libinit2.o(.ARM.Collect$$libinit$$0000001F)
    __rt_lib_init_getenv_1                   0x080001f9   Thumb Code     0  libinit2.o(.ARM.Collect$$libinit$$00000023)
    __rt_lib_init_heap_1                     0x080001f9   Thumb Code     0  libinit2.o(.ARM.Collect$$libinit$$0000000A)
    __rt_lib_init_lc_collate_1               0x080001f9   Thumb Code     0  libinit2.o(.ARM.Collect$$libinit$$00000011)
    __rt_lib_init_lc_ctype_1                 0x080001f9   Thumb Code     0  libinit2.o(.ARM.Collect$$libinit$$00000013)
    __rt_lib_init_lc_monetary_1              0x080001f9   Thumb Code     0  libinit2.o(.ARM.Collect$$libinit$$00000015)
    __rt_lib_init_lc_numeric_1               0x080001f9   Thumb Code     0  libinit2.o(.ARM.Collect$$libinit$$00000017)
    __rt_lib_init_lc_time_1                  0x080001f9   Thumb Code     0  libinit2.o(.ARM.Collect$$libinit$$00000019)
    __rt_lib_init_preinit_1                  0x080001f9   Thumb Code     0  libinit2.o(.ARM.Collect$$libinit$$00000004)
    __rt_lib_init_rand_1                     0x080001f9   Thumb Code     0  libinit2.o(.ARM.Collect$$libinit$$0000000E)
    __rt_lib_init_return                     0x080001f9   Thumb Code     0  libinit2.o(.ARM.Collect$$libinit$$00000033)
    __rt_lib_init_signal_1                   0x080001f9   Thumb Code     0  libinit2.o(.ARM.Collect$$libinit$$0000001D)
    __rt_lib_init_stdio_1                    0x080001f9   Thumb Code     0  libinit2.o(.ARM.Collect$$libinit$$00000025)
    __rt_lib_init_user_alloc_1               0x080001f9   Thumb Code     0  libinit2.o(.ARM.Collect$$libinit$$0000000C)
    __rt_lib_shutdown                        0x080001fb   Thumb Code     0  libshutdown.o(.ARM.Collect$$libshutdown$$00000000)
    __rt_lib_shutdown_cpp_1                  0x080001fd   Thumb Code     0  libshutdown2.o(.ARM.Collect$$libshutdown$$00000004)
    __rt_lib_shutdown_fini_1                 0x080001fd   Thumb Code     0  libshutdown2.o(.ARM.Collect$$libshutdown$$00000002)
    __rt_lib_shutdown_fp_trap_1              0x080001fd   Thumb Code     0  libshutdown2.o(.ARM.Collect$$libshutdown$$00000009)
    __rt_lib_shutdown_heap_1                 0x080001fd   Thumb Code     0  libshutdown2.o(.ARM.Collect$$libshutdown$$00000011)
    __rt_lib_shutdown_return                 0x080001fd   Thumb Code     0  libshutdown2.o(.ARM.Collect$$libshutdown$$00000012)
    __rt_lib_shutdown_signal_1               0x080001fd   Thumb Code     0  libshutdown2.o(.ARM.Collect$$libshutdown$$0000000C)
    __rt_lib_shutdown_stdio_1                0x080001fd   Thumb Code     0  libshutdown2.o(.ARM.Collect$$libshutdown$$00000006)
    __rt_lib_shutdown_user_alloc_1           0x080001fd   Thumb Code     0  libshutdown2.o(.ARM.Collect$$libshutdown$$0000000E)
    __rt_entry                               0x080001ff   Thumb Code     0  __rtentry.o(.ARM.Collect$$rtentry$$00000000)
    __rt_entry_presh_1                       0x080001ff   Thumb Code     0  __rtentry2.o(.ARM.Collect$$rtentry$$00000002)
    __rt_entry_sh                            0x080001ff   Thumb Code     0  __rtentry4.o(.ARM.Collect$$rtentry$$00000004)
    __rt_entry_li                            0x08000205   Thumb Code     0  __rtentry2.o(.ARM.Collect$$rtentry$$0000000A)
    __rt_entry_postsh_1                      0x08000205   Thumb Code     0  __rtentry2.o(.ARM.Collect$$rtentry$$00000009)
    __rt_entry_main                          0x08000209   Thumb Code     0  __rtentry2.o(.ARM.Collect$$rtentry$$0000000D)
    __rt_entry_postli_1                      0x08000209   Thumb Code     0  __rtentry2.o(.ARM.Collect$$rtentry$$0000000C)
    __rt_exit                                0x08000211   Thumb Code     0  rtexit.o(.ARM.Collect$$rtexit$$00000000)
    __rt_exit_ls                             0x08000213   Thumb Code     0  rtexit2.o(.ARM.Collect$$rtexit$$00000003)
    __rt_exit_prels_1                        0x08000213   Thumb Code     0  rtexit2.o(.ARM.Collect$$rtexit$$00000002)
    __rt_exit_exit                           0x08000217   Thumb Code     0  rtexit2.o(.ARM.Collect$$rtexit$$00000004)
    Reset_Handler                            0x0800021d   Thumb Code     8  startup_stm32l152xe.o(.text)
    NMI_Handler                              0x08000225   Thumb Code     2  startup_stm32l152xe.o(.text)
    HardFault_Handler                        0x08000227   Thumb Code     2  startup_stm32l152xe.o(.text)
    MemManage_Handler                        0x08000229   Thumb Code     2  startup_stm32l152xe.o(.text)
    BusFault_Handler                         0x0800022b   Thumb Code     2  startup_stm32l152xe.o(.text)
    UsageFault_Handler                       0x0800022d   Thumb Code     2  startup_stm32l152xe.o(.text)
    SVC_Handler                              0x0800022f   Thumb Code     2  startup_stm32l152xe.o(.text)
    DebugMon_Handler                         0x08000231   Thumb Code     2  startup_stm32l152xe.o(.text)
    PendSV_Handler                           0x08000233   Thumb Code     2  startup_stm32l152xe.o(.text)
    ADC1_IRQHandler                          0x08000237   Thumb Code     0  startup_stm32l152xe.o(.text)
    COMP_ACQ_IRQHandler                      0x08000237   Thumb Code     0  startup_stm32l152xe.o(.text)
    COMP_IRQHandler                          0x08000237   Thumb Code     0  startup_stm32l152xe.o(.text)
    DAC_IRQHandler                           0x08000237   Thumb Code     0  startup_stm32l152xe.o(.text)
    DMA1_Channel1_IRQHandler                 0x08000237   Thumb Code     0  startup_stm32l152xe.o(.text)
    DMA1_Channel2_IRQHandler                 0x08000237   Thumb Code     0  startup_stm32l152xe.o(.text)
    DMA1_Channel3_IRQHandler                 0x08000237   Thumb Code     0  startup_stm32l152xe.o(.text)
    DMA1_Channel4_IRQHandler                 0x08000237   Thumb Code     0  startup_stm32l152xe.o(.text)
    DMA1_Channel5_IRQHandler                 0x08000237   Thumb Code     0  startup_stm32l152xe.o(.text)
    DMA1_Channel6_IRQHandler                 0x08000237   Thumb Code     0  startup_stm32l152xe.o(.text)
    DMA1_Channel7_IRQHandler                 0x08000237   Thumb Code     0  startup_stm32l152xe.o(.text)
    DMA2_Channel1_IRQHandler                 0x08000237   Thumb Code     0  startup_stm32l152xe.o(.text)
    DMA2_Channel2_IRQHandler                 0x08000237   Thumb Code     0  startup_stm32l152xe.o(.text)
    DMA2_Channel3_IRQHandler                 0x08000237   Thumb Code     0  startup_stm32l152xe.o(.text)
    DMA2_Channel4_IRQHandler                 0x08000237   Thumb Code     0  startup_stm32l152xe.o(.text)
    DMA2_Channel5_IRQHandler                 0x08000237   Thumb Code     0  startup_stm32l152xe.o(.text)
    EXTI0_IRQHandler                         0x08000237   Thumb Code     0  startup_stm32l152xe.o(.text)
    EXTI15_10_IRQHandler                     0x08000237   Thumb Code     0  startup_stm32l152xe.o(.text)
    EXTI1_IRQHandler                         0x08000237   Thumb Code     0  startup_stm32l152xe.o(.text)
    EXTI2_IRQHandler                         0x08000237   Thumb Code     0  startup_stm32l152xe.o(.text)
    EXTI3_IRQHandler                         0x08000237   Thumb Code     0  startup_stm32l152xe.o(.text)
    EXTI4_IRQHandler                         0x08000237   Thumb Code     0  startup_stm32l152xe.o(.text)
    EXTI9_5_IRQHandler                       0x08000237   Thumb Code     0  startup_stm32l152xe.o(.text)
    FLASH_IRQHandler                         0x08000237   Thumb Code     0  startup_stm32l152xe.o(.text)
    I2C1_ER_IRQHandler                       0x08000237   Thumb Code     0  startup_stm32l152xe.o(.text)
    I2C1_EV_IRQHandler                       0x08000237   Thumb Code     0  startup_stm32l152xe.o(.text)
    I2C2_ER_IRQHandler                       0x08000237   Thumb Code     0  startup_stm32l152xe.o(.text)
    I2C2_EV_IRQHandler                       0x08000237   Thumb Code     0  startup_stm32l152xe.o(.text)
    LCD_IRQHandler                           0x08000237   Thumb Code     0  startup_stm32l152xe.o(.text)
    PVD_IRQHandler                           0x08000237   Thumb Code     0  startup_stm32l152xe.o(.text)
    RCC_IRQHandler                           0x08000237   Thumb Code     0  startup_stm32l152xe.o(.text)
    RTC_Alarm_IRQHandler                     0x08000237   Thumb Code     0  startup_stm32l152xe.o(.text)
    RTC_WKUP_IRQHandler                      0x08000237   Thumb Code     0  startup_stm32l152xe.o(.text)
    SPI1_IRQHandler                          0x08000237   Thumb Code     0  startup_stm32l152xe.o(.text)
    SPI2_IRQHandler                          0x08000237   Thumb Code     0  startup_stm32l152xe.o(.text)
    SPI3_IRQHandler                          0x08000237   Thumb Code     0  startup_stm32l152xe.o(.text)
    TAMPER_STAMP_IRQHandler                  0x08000237   Thumb Code     0  startup_stm32l152xe.o(.text)
    TIM10_IRQHandler                         0x08000237   Thumb Code     0  startup_stm32l152xe.o(.text)
    TIM11_IRQHandler                         0x08000237   Thumb Code     0  startup_stm32l152xe.o(.text)
    TIM2_IRQHandler                          0x08000237   Thumb Code     0  startup_stm32l152xe.o(.text)
    TIM3_IRQHandler                          0x08000237   Thumb Code     0  startup_stm32l152xe.o(.text)
    TIM4_IRQHandler                          0x08000237   Thumb Code     0  startup_stm32l152xe.o(.text)
    TIM5_IRQHandler                          0x08000237   Thumb Code     0  startup_stm32l152xe.o(.text)
    TIM6_IRQHandler                          0x08000237   Thumb Code     0  startup_stm32l152xe.o(.text)
    TIM7_IRQHandler                          0x08000237   Thumb Code     0  startup_stm32l152xe.o(.text)
    TIM9_IRQHandler                          0x08000237   Thumb Code     0  startup_stm32l152xe.o(.text)
    UART4_IRQHandler                         0x08000237   Thumb Code     0  startup_stm32l152xe.o(.text)
    UART5_IRQHandler                         0x08000237   Thumb Code     0  startup_stm32l152xe.o(.text)
    USART1_IRQHandler                        0x08000237   Thumb Code     0  startup_stm32l152xe.o(.text)
    USB_FS_WKUP_IRQHandler                   0x08000237   Thumb Code     0  startup_stm32l152xe.o(.text)
    USB_HP_IRQHandler                        0x08000237   Thumb Code     0  startup_stm32l152xe.o(.text)
    USB_LP_IRQHandler                        0x08000237   Thumb Code     0  startup_stm32l152xe.o(.text)
    WWDG_IRQHandler                          0x08000237   Thumb Code     0  startup_stm32l152xe.o(.text)
    __user_initial_stackheap                 0x08000239   Thumb Code     0  startup_stm32l152xe.o(.text)
    __2sprintf                               0x0800025d   Thumb Code    34  noretval__2sprintf.o(.text)
    __printf                                 0x08000285   Thumb Code   104  __printf.o(.text)
    _printf_str                              0x080002ed   Thumb Code    82  _printf_str.o(.text)
    _printf_int_dec                          0x08000341   Thumb Code   104  _printf_dec.o(.text)
    _printf_int_hex                          0x080003b9   Thumb Code    84  _printf_hex_int.o(.text)
    _printf_longlong_hex                     0x080003b9   Thumb Code     0  _printf_hex_int.o(.text)
    __use_two_region_memory                  0x08000411   Thumb Code     2  heapauxi.o(.text)
    __rt_heap_escrow$2region                 0x08000413   Thumb Code     2  heapauxi.o(.text)
    __rt_heap_expand$2region                 0x08000415   Thumb Code     2  heapauxi.o(.text)
    _printf_int_common                       0x08000417   Thumb Code   178  _printf_intcommon.o(.text)
    _printf_char_common                      0x080004d3   Thumb Code    32  _printf_char_common.o(.text)
    _sputc                                   0x080004f9   Thumb Code    10  _sputc.o(.text)
    _printf_cs_common                        0x08000503   Thumb Code    20  _printf_char.o(.text)
    _printf_char                             0x08000517   Thumb Code    16  _printf_char.o(.text)
    _printf_string                           0x08000527   Thumb Code     8  _printf_char.o(.text)
    __user_setup_stackheap                   0x0800052f   Thumb Code    74  sys_stackheap_outer.o(.text)
    exit                                     0x08000579   Thumb Code    18  exit.o(.text)
    __user_libspace                          0x0800058d   Thumb Code     8  libspace.o(.text)
    __user_perproc_libspace                  0x0800058d   Thumb Code     0  libspace.o(.text)
    __user_perthread_libspace                0x0800058d   Thumb Code     0  libspace.o(.text)
    _sys_exit                                0x08000595   Thumb Code     8  sys_exit.o(.text)
    __I$use$semihosting                      0x080005a1   Thumb Code     0  use_no_semi.o(.text)
    __use_no_semihosting_swi                 0x080005a1   Thumb Code     2  use_no_semi.o(.text)
    __semihosting_library_function           0x080005a3   Thumb Code     0  indicate_semi.o(.text)
    InitSysTickTimerInMiliseconds            0x080005a5   Thumb Code    56  systick_timer_config.o(i.InitSysTickTimerInMiliseconds)
    InitUARTforBluetooth                     0x080005e5   Thumb Code   282  uart_config.o(i.InitUARTforBluetooth)
    InitUARTforDebug                         0x08000711   Thumb Code   282  uart_config.o(i.InitUARTforDebug)
    InitUserLED                              0x0800083d   Thumb Code    50  gpio_config.o(i.InitUserLED)
    OffUserLED                               0x08000879   Thumb Code    34  gpio_config.o(i.OffUserLED)
    OnUserLED                                0x080008a1   Thumb Code    34  gpio_config.o(i.OnUserLED)
    SysTick_Handler                          0x080008c9   Thumb Code    14  systick_timer_config.o(i.SysTick_Handler)
    SystemInit                               0x080008dd   Thumb Code    10  system_stm32l1xx.o(i.SystemInit)
    UARTDebugSend                            0x080008ed   Thumb Code    40  uart_config.o(i.UARTDebugSend)
    USART2_IRQHandler                        0x08000919   Thumb Code   144  uart_config.o(i.USART2_IRQHandler)
    USART3_IRQHandler                        0x080009d1   Thumb Code   162  main.o(i.USART3_IRQHandler)
    jumpFunction                             0x08000a8d   Thumb Code    46  main.o(i.jumpFunction)
    main                                     0x08000af5   Thumb Code   538  main.o(i.main)
    program_Memory_Fast_Word_Write           0x08000e55   Thumb Code    64  flash_config.o(i.program_Memory_Fast_Word_Write)
    program_Memory_Page_Erase                0x08000e99   Thumb Code    64  flash_config.o(i.program_Memory_Page_Erase)
    unlocking_Flash_PECR_Register            0x08000edd   Thumb Code    40  flash_config.o(i.unlocking_Flash_PECR_Register)
    unlocking_Program_Memory                 0x08000f11   Thumb Code    48  flash_config.o(i.unlocking_Program_Memory)
    welcomeMessage                           0x08000f4d   Thumb Code    78  main.o(i.welcomeMessage)
    Region$$Table$$Base                      0x08001078   Number         0  anon$$obj.o(Region$$Table)
    Region$$Table$$Limit                     0x08001098   Number         0  anon$$obj.o(Region$$Table)
    packetPosition                           0x20000118   Data           1  main.o(.data)
    fileTransferComplete                     0x20000119   Data           1  main.o(.data)
    pos                                      0x2000011a   Data           1  main.o(.data)
    j                                        0x2000011c   Data           2  main.o(.data)
    adr                                      0x20000120   Data           4  main.o(.data)
    byte0                                    0x20000124   Data           1  main.o(.data)
    byte1                                    0x20000125   Data           1  main.o(.data)
    byte2                                    0x20000126   Data           1  main.o(.data)
    byte3                                    0x20000127   Data           1  main.o(.data)
    JumpToApplicationCode                    0x20000128   Data           4  main.o(.data)
    bootPacket                               0x200006e8   Data        1330  main.o(.bss)
    __libspace_start                         0x20001058   Data          96  libspace.o(.bss)
    __temporary_stack_top$libspace           0x200010b8   Data           0  libspace.o(.bss)



==============================================================================

Memory Map of the image

  Image Entry point : 0x0800021d

  Load Region LR_1 (Base: 0x08000000, Size: 0x00001344, Max: 0xffffffff, ABSOLUTE, COMPRESSED[0x0000116c])

    Execution Region ER_RO (Exec base: 0x08000000, Load base: 0x08000000, Size: 0x00001098, Max: 0xffffffff, ABSOLUTE)

    Exec Addr    Load Addr    Size         Type   Attr      Idx    E Section Name        Object

    0x08000000   0x08000000   0x00000124   Data   RO          220    RESET               startup_stm32l152xe.o
    0x08000124   0x08000124   0x00000008   Code   RO          343  * !!!main             c_w.l(__main.o)
    0x0800012c   0x0800012c   0x00000034   Code   RO          515    !!!scatter          c_w.l(__scatter.o)
    0x08000160   0x08000160   0x00000064   Code   RO          513    !!dclz77c           c_w.l(__dclz77c.o)
    0x080001c4   0x080001c4   0x0000001c   Code   RO          517    !!handler_zi        c_w.l(__scatter_zi.o)
    0x080001e0   0x080001e0   0x00000000   Code   RO          340    .ARM.Collect$$_printf_percent$$00000000  c_w.l(_printf_percent.o)
    0x080001e0   0x080001e0   0x00000006   Code   RO          339    .ARM.Collect$$_printf_percent$$00000009  c_w.l(_printf_d.o)
    0x080001e6   0x080001e6   0x00000006   Code   RO          338    .ARM.Collect$$_printf_percent$$0000000C  c_w.l(_printf_x.o)
    0x080001ec   0x080001ec   0x00000006   Code   RO          337    .ARM.Collect$$_printf_percent$$00000014  c_w.l(_printf_s.o)
    0x080001f2   0x080001f2   0x00000004   Code   RO          354    .ARM.Collect$$_printf_percent$$00000017  c_w.l(_printf_percent_end.o)
    0x080001f6   0x080001f6   0x00000002   Code   RO          381    .ARM.Collect$$libinit$$00000000  c_w.l(libinit.o)
    0x080001f8   0x080001f8   0x00000000   Code   RO          388    .ARM.Collect$$libinit$$00000002  c_w.l(libinit2.o)
    0x080001f8   0x080001f8   0x00000000   Code   RO          390    .ARM.Collect$$libinit$$00000004  c_w.l(libinit2.o)
    0x080001f8   0x080001f8   0x00000000   Code   RO          393    .ARM.Collect$$libinit$$0000000A  c_w.l(libinit2.o)
    0x080001f8   0x080001f8   0x00000000   Code   RO          395    .ARM.Collect$$libinit$$0000000C  c_w.l(libinit2.o)
    0x080001f8   0x080001f8   0x00000000   Code   RO          397    .ARM.Collect$$libinit$$0000000E  c_w.l(libinit2.o)
    0x080001f8   0x080001f8   0x00000000   Code   RO          400    .ARM.Collect$$libinit$$00000011  c_w.l(libinit2.o)
    0x080001f8   0x080001f8   0x00000000   Code   RO          402    .ARM.Collect$$libinit$$00000013  c_w.l(libinit2.o)
    0x080001f8   0x080001f8   0x00000000   Code   RO          404    .ARM.Collect$$libinit$$00000015  c_w.l(libinit2.o)
    0x080001f8   0x080001f8   0x00000000   Code   RO          406    .ARM.Collect$$libinit$$00000017  c_w.l(libinit2.o)
    0x080001f8   0x080001f8   0x00000000   Code   RO          408    .ARM.Collect$$libinit$$00000019  c_w.l(libinit2.o)
    0x080001f8   0x080001f8   0x00000000   Code   RO          410    .ARM.Collect$$libinit$$0000001B  c_w.l(libinit2.o)
    0x080001f8   0x080001f8   0x00000000   Code   RO          412    .ARM.Collect$$libinit$$0000001D  c_w.l(libinit2.o)
    0x080001f8   0x080001f8   0x00000000   Code   RO          414    .ARM.Collect$$libinit$$0000001F  c_w.l(libinit2.o)
    0x080001f8   0x080001f8   0x00000000   Code   RO          416    .ARM.Collect$$libinit$$00000021  c_w.l(libinit2.o)
    0x080001f8   0x080001f8   0x00000000   Code   RO          418    .ARM.Collect$$libinit$$00000023  c_w.l(libinit2.o)
    0x080001f8   0x080001f8   0x00000000   Code   RO          420    .ARM.Collect$$libinit$$00000025  c_w.l(libinit2.o)
    0x080001f8   0x080001f8   0x00000000   Code   RO          424    .ARM.Collect$$libinit$$0000002C  c_w.l(libinit2.o)
    0x080001f8   0x080001f8   0x00000000   Code   RO          426    .ARM.Collect$$libinit$$0000002E  c_w.l(libinit2.o)
    0x080001f8   0x080001f8   0x00000000   Code   RO          428    .ARM.Collect$$libinit$$00000030  c_w.l(libinit2.o)
    0x080001f8   0x080001f8   0x00000000   Code   RO          430    .ARM.Collect$$libinit$$00000032  c_w.l(libinit2.o)
    0x080001f8   0x080001f8   0x00000002   Code   RO          431    .ARM.Collect$$libinit$$00000033  c_w.l(libinit2.o)
    0x080001fa   0x080001fa   0x00000002   Code   RO          451    .ARM.Collect$$libshutdown$$00000000  c_w.l(libshutdown.o)
    0x080001fc   0x080001fc   0x00000000   Code   RO          464    .ARM.Collect$$libshutdown$$00000002  c_w.l(libshutdown2.o)
    0x080001fc   0x080001fc   0x00000000   Code   RO          466    .ARM.Collect$$libshutdown$$00000004  c_w.l(libshutdown2.o)
    0x080001fc   0x080001fc   0x00000000   Code   RO          468    .ARM.Collect$$libshutdown$$00000006  c_w.l(libshutdown2.o)
    0x080001fc   0x080001fc   0x00000000   Code   RO          471    .ARM.Collect$$libshutdown$$00000009  c_w.l(libshutdown2.o)
    0x080001fc   0x080001fc   0x00000000   Code   RO          474    .ARM.Collect$$libshutdown$$0000000C  c_w.l(libshutdown2.o)
    0x080001fc   0x080001fc   0x00000000   Code   RO          476    .ARM.Collect$$libshutdown$$0000000E  c_w.l(libshutdown2.o)
    0x080001fc   0x080001fc   0x00000000   Code   RO          479    .ARM.Collect$$libshutdown$$00000011  c_w.l(libshutdown2.o)
    0x080001fc   0x080001fc   0x00000002   Code   RO          480    .ARM.Collect$$libshutdown$$00000012  c_w.l(libshutdown2.o)
    0x080001fe   0x080001fe   0x00000000   Code   RO          345    .ARM.Collect$$rtentry$$00000000  c_w.l(__rtentry.o)
    0x080001fe   0x080001fe   0x00000000   Code   RO          356    .ARM.Collect$$rtentry$$00000002  c_w.l(__rtentry2.o)
    0x080001fe   0x080001fe   0x00000006   Code   RO          368    .ARM.Collect$$rtentry$$00000004  c_w.l(__rtentry4.o)
    0x08000204   0x08000204   0x00000000   Code   RO          358    .ARM.Collect$$rtentry$$00000009  c_w.l(__rtentry2.o)
    0x08000204   0x08000204   0x00000004   Code   RO          359    .ARM.Collect$$rtentry$$0000000A  c_w.l(__rtentry2.o)
    0x08000208   0x08000208   0x00000000   Code   RO          361    .ARM.Collect$$rtentry$$0000000C  c_w.l(__rtentry2.o)
    0x08000208   0x08000208   0x00000008   Code   RO          362    .ARM.Collect$$rtentry$$0000000D  c_w.l(__rtentry2.o)
    0x08000210   0x08000210   0x00000002   Code   RO          385    .ARM.Collect$$rtexit$$00000000  c_w.l(rtexit.o)
    0x08000212   0x08000212   0x00000000   Code   RO          433    .ARM.Collect$$rtexit$$00000002  c_w.l(rtexit2.o)
    0x08000212   0x08000212   0x00000004   Code   RO          434    .ARM.Collect$$rtexit$$00000003  c_w.l(rtexit2.o)
    0x08000216   0x08000216   0x00000006   Code   RO          435    .ARM.Collect$$rtexit$$00000004  c_w.l(rtexit2.o)
    0x0800021c   0x0800021c   0x00000040   Code   RO          221  * .text               startup_stm32l152xe.o
    0x0800025c   0x0800025c   0x00000028   Code   RO          288    .text               c_w.l(noretval__2sprintf.o)
    0x08000284   0x08000284   0x00000068   Code   RO          290    .text               c_w.l(__printf.o)
    0x080002ec   0x080002ec   0x00000052   Code   RO          292    .text               c_w.l(_printf_str.o)
    0x0800033e   0x0800033e   0x00000002   PAD
    0x08000340   0x08000340   0x00000078   Code   RO          294    .text               c_w.l(_printf_dec.o)
    0x080003b8   0x080003b8   0x00000058   Code   RO          299    .text               c_w.l(_printf_hex_int.o)
    0x08000410   0x08000410   0x00000006   Code   RO          341    .text               c_w.l(heapauxi.o)
    0x08000416   0x08000416   0x000000b2   Code   RO          346    .text               c_w.l(_printf_intcommon.o)
    0x080004c8   0x080004c8   0x00000030   Code   RO          348    .text               c_w.l(_printf_char_common.o)
    0x080004f8   0x080004f8   0x0000000a   Code   RO          350    .text               c_w.l(_sputc.o)
    0x08000502   0x08000502   0x0000002c   Code   RO          352    .text               c_w.l(_printf_char.o)
    0x0800052e   0x0800052e   0x0000004a   Code   RO          372    .text               c_w.l(sys_stackheap_outer.o)
    0x08000578   0x08000578   0x00000012   Code   RO          374    .text               c_w.l(exit.o)
    0x0800058a   0x0800058a   0x00000002   PAD
    0x0800058c   0x0800058c   0x00000008   Code   RO          382    .text               c_w.l(libspace.o)
    0x08000594   0x08000594   0x0000000c   Code   RO          443    .text               c_w.l(sys_exit.o)
    0x080005a0   0x080005a0   0x00000002   Code   RO          454    .text               c_w.l(use_no_semi.o)
    0x080005a2   0x080005a2   0x00000000   Code   RO          456    .text               c_w.l(indicate_semi.o)
    0x080005a2   0x080005a2   0x00000002   PAD
    0x080005a4   0x080005a4   0x00000040   Code   RO          153    i.InitSysTickTimerInMiliseconds  systick_timer_config.o
    0x080005e4   0x080005e4   0x0000012c   Code   RO          179    i.InitUARTforBluetooth  uart_config.o
    0x08000710   0x08000710   0x0000012c   Code   RO          180    i.InitUARTforDebug  uart_config.o
    0x0800083c   0x0800083c   0x0000003c   Code   RO          127    i.InitUserLED       gpio_config.o
    0x08000878   0x08000878   0x00000028   Code   RO          128    i.OffUserLED        gpio_config.o
    0x080008a0   0x080008a0   0x00000028   Code   RO          129    i.OnUserLED         gpio_config.o
    0x080008c8   0x080008c8   0x00000014   Code   RO          154    i.SysTick_Handler   systick_timer_config.o
    0x080008dc   0x080008dc   0x00000010   Code   RO          229    i.SystemInit        system_stm32l1xx.o
    0x080008ec   0x080008ec   0x0000002c   Code   RO          182    i.UARTDebugSend     uart_config.o
    0x08000918   0x08000918   0x000000b8   Code   RO          183    i.USART2_IRQHandler  uart_config.o
    0x080009d0   0x080009d0   0x000000bc   Code   RO            4    i.USART3_IRQHandler  main.o
    0x08000a8c   0x08000a8c   0x00000068   Code   RO            5    i.jumpFunction      main.o
    0x08000af4   0x08000af4   0x00000360   Code   RO            6    i.main              main.o
    0x08000e54   0x08000e54   0x00000044   Code   RO           81    i.program_Memory_Fast_Word_Write  flash_config.o
    0x08000e98   0x08000e98   0x00000044   Code   RO           82    i.program_Memory_Page_Erase  flash_config.o
    0x08000edc   0x08000edc   0x00000034   Code   RO           83    i.unlocking_Flash_PECR_Register  flash_config.o
    0x08000f10   0x08000f10   0x0000003c   Code   RO           85    i.unlocking_Program_Memory  flash_config.o
    0x08000f4c   0x08000f4c   0x00000104   Code   RO            7    i.welcomeMessage    main.o
    0x08001050   0x08001050   0x00000028   Data   RO          300    .constdata          c_w.l(_printf_hex_int.o)
    0x08001078   0x08001078   0x00000020   Data   RO          511    Region$$Table       anon$$obj.o


    Execution Region ER_RW (Exec base: 0x20000000, Load base: 0x08001098, Size: 0x000002ac, Max: 0xffffffff, ABSOLUTE, COMPRESSED[0x000000d4])

    Exec Addr    Load Addr    Size         Type   Attr      Idx    E Section Name        Object

    0x20000000   COMPRESSED   0x0000012c   Data   RW            9    .data               main.o
    0x2000012c   COMPRESSED   0x00000014   Data   RW           86    .data               flash_config.o
    0x20000140   COMPRESSED   0x00000048   Data   RW          130    .data               gpio_config.o
    0x20000188   COMPRESSED   0x0000001e   Data   RW          156    .data               systick_timer_config.o
    0x200001a6   COMPRESSED   0x00000002   PAD
    0x200001a8   COMPRESSED   0x00000104   Data   RW          185    .data               uart_config.o


    Execution Region ER_ZI (Exec base: 0x200002ac, Load base: 0x0800116c, Size: 0x0000140c, Max: 0xffffffff, ABSOLUTE)

    Exec Addr    Load Addr    Size         Type   Attr      Idx    E Section Name        Object

    0x200002ac        -       0x0000096e   Zero   RW            8    .bss                main.o
    0x20000c1a        -       0x0000043c   Zero   RW          184    .bss                uart_config.o
    0x20001056   0x0800116c   0x00000002   PAD
    0x20001058        -       0x00000060   Zero   RW          383    .bss                c_w.l(libspace.o)
    0x200010b8        -       0x00000200   Zero   RW          219    HEAP                startup_stm32l152xe.o
    0x200012b8        -       0x00000400   Zero   RW          218    STACK               startup_stm32l152xe.o


==============================================================================

Image component sizes


      Code (inc. data)   RO Data    RW Data    ZI Data      Debug   Object Name

       248         32          0         20          0       2452   flash_config.o
       140         22          0         72          0       1599   gpio_config.o
      1416        592          0        300       2414      16036   main.o
        64         26        292          0       1536        872   startup_stm32l152xe.o
        16          6          0          0          0        501   system_stm32l1xx.o
        84         14          0         30          0       1450   systick_timer_config.o
       828         80          0        260       1084       2830   uart_config.o

    ----------------------------------------------------------------------
      2796        772        324        684       5036      25740   Object Totals
         0          0         32          0          0          0   (incl. Generated)
         0          0          0          2          2          0   (incl. Padding)

    ----------------------------------------------------------------------

      Code (inc. data)   RO Data    RW Data    ZI Data      Debug   Library Member Name

       100          0          0          0          0          0   __dclz77c.o
         8          0          0          0          0         68   __main.o
       104          0          0          0          0         84   __printf.o
         0          0          0          0          0          0   __rtentry.o
        12          0          0          0          0          0   __rtentry2.o
         6          0          0          0          0          0   __rtentry4.o
        52          8          0          0          0          0   __scatter.o
        28          0          0          0          0          0   __scatter_zi.o
        44          0          0          0          0        108   _printf_char.o
        48          6          0          0          0         96   _printf_char_common.o
         6          0          0          0          0          0   _printf_d.o
       120         16          0          0          0         92   _printf_dec.o
        88          4         40          0          0         88   _printf_hex_int.o
       178          0          0          0          0         88   _printf_intcommon.o
         0          0          0          0          0          0   _printf_percent.o
         4          0          0          0          0          0   _printf_percent_end.o
         6          0          0          0          0          0   _printf_s.o
        82          0          0          0          0         80   _printf_str.o
         6          0          0          0          0          0   _printf_x.o
        10          0          0          0          0         68   _sputc.o
        18          0          0          0          0         80   exit.o
         6          0          0          0          0        152   heapauxi.o
         0          0          0          0          0          0   indicate_semi.o
         2          0          0          0          0          0   libinit.o
         2          0          0          0          0          0   libinit2.o
         2          0          0          0          0          0   libshutdown.o
         2          0          0          0          0          0   libshutdown2.o
         8          4          0          0         96         68   libspace.o
        40          6          0          0          0         84   noretval__2sprintf.o
         2          0          0          0          0          0   rtexit.o
        10          0          0          0          0          0   rtexit2.o
        12          4          0          0          0         68   sys_exit.o
        74          0          0          0          0         80   sys_stackheap_outer.o
         2          0          0          0          0         68   use_no_semi.o

    ----------------------------------------------------------------------
      1088         48         40          0         96       1372   Library Totals
         6          0          0          0          0          0   (incl. Padding)

    ----------------------------------------------------------------------

      Code (inc. data)   RO Data    RW Data    ZI Data      Debug   Library Name

      1082         48         40          0         96       1372   c_w.l

    ----------------------------------------------------------------------
      1088         48         40          0         96       1372   Library Totals

    ----------------------------------------------------------------------

==============================================================================


      Code (inc. data)   RO Data    RW Data    ZI Data      Debug   

      3884        820        364        684       5132      25704   Grand Totals
      3884        820        364        212       5132      25704   ELF Image Totals (compressed)
      3884        820        364        212          0          0   ROM Totals

==============================================================================

    Total RO  Size (Code + RO Data)                 4248 (   4.15kB)
    Total RW  Size (RW Data + ZI Data)              5816 (   5.68kB)
    Total ROM Size (Code + RO Data + RW Data)       4460 (   4.36kB)

==============================================================================

